exports[`Pokemon Component should render a loading state without data 1`] = `
<div>
  Loading
</div>
`;

exports[`Pokemon Component should render an error 1`] = `
<h1>
  ERROR
</h1>
`;

exports[`Pokemon Component should render name and image in order 1`] = `<div />`;

exports[`Pokemon query should match expected shape 1`] = `
"query GetPokemon($name: String!) {
  pokemon(name: $name) {
    name
    image
  }
}
"
`;

exports[`Pokemon query should match expected structure 1`] = `
Object {
  "definitions": Array [
    Object {
      "directives": Array [],
      "kind": "OperationDefinition",
      "name": Object {
        "kind": "Name",
        "value": "GetPokemon",
      },
      "operation": "query",
      "selectionSet": Object {
        "kind": "SelectionSet",
        "selections": Array [
          Object {
            "alias": null,
            "arguments": Array [
              Object {
                "kind": "Argument",
                "name": Object {
                  "kind": "Name",
                  "value": "name",
                },
                "value": Object {
                  "kind": "Variable",
                  "name": Object {
                    "kind": "Name",
                    "value": "name",
                  },
                },
              },
            ],
            "directives": Array [],
            "kind": "Field",
            "name": Object {
              "kind": "Name",
              "value": "pokemon",
            },
            "selectionSet": Object {
              "kind": "SelectionSet",
              "selections": Array [
                Object {
                  "alias": null,
                  "arguments": Array [],
                  "directives": Array [],
                  "kind": "Field",
                  "name": Object {
                    "kind": "Name",
                    "value": "name",
                  },
                  "selectionSet": null,
                },
                Object {
                  "alias": null,
                  "arguments": Array [],
                  "directives": Array [],
                  "kind": "Field",
                  "name": Object {
                    "kind": "Name",
                    "value": "image",
                  },
                  "selectionSet": null,
                },
              ],
            },
          },
        ],
      },
      "variableDefinitions": Array [
        Object {
          "defaultValue": null,
          "kind": "VariableDefinition",
          "type": Object {
            "kind": "NonNullType",
            "type": Object {
              "kind": "NamedType",
              "name": Object {
                "kind": "Name",
                "value": "String",
              },
            },
          },
          "variable": Object {
            "kind": "Variable",
            "name": Object {
              "kind": "Name",
              "value": "name",
            },
          },
        },
      ],
    },
  ],
  "kind": "Document",
  "loc": Object {
    "end": 98,
    "source": Source {
      "body": "
  query GetPokemon($name: String!) {
    pokemon(name: $name) {
      name
      image
    }
  }
",
      "name": "GraphQL",
    },
    "start": 3,
  },
}
`;

exports[`default export renders without crashing 1`] = `
<div>
  Loading
</div>
`;
