exports[`Pokemon Component should render a loading state without data 1`] = `
<div>
  Loading
</div>
`;

exports[`Pokemon Component should render an error 1`] = `
<h1>
  ERROR
</h1>
`;

exports[`Pokemon Component should render name and image in order 1`] = `<div />`;

exports[`Pokemon query should match expected shape 1`] = `
"query GetPokemon($name: String!) {
  pokemon(name: $name) {
    name
    image
  }
}
"
`;

exports[`default export renders without crashing 1`] = `
<div>
  Loading
</div>
`;
