// Jest Snapshot v1, https://goo.gl/fbAQLP

exports[`result in children render prop 1`] = `
Object {
  "data": Object {},
  "error": undefined,
  "fetchMore": [Function],
  "loading": true,
  "networkStatus": 1,
  "refetch": [Function],
  "startPolling": [Function],
  "stopPolling": [Function],
  "updateQuery": [Function],
  "variables": Object {},
}
`;
